[2026-09-03T06:51:32.8522267+08:00] System.UnauthorizedAccessException: Attempted to perform an unauthorized operation.
   at WinRT.ExceptionHelpers.<ThrowExceptionForHR>g__Throw|38_0(Int32 hr)
   at WinRT.ExceptionHelpers.ThrowExceptionForHR(Int32 hr)
   at ABI.Microsoft.UI.Text.ITextDocumentMethods.SetText(IObjectReference _obj, TextSetOptions options, String value)
   at Microsoft.UI.Text.RichEditTextDocument.SetText(TextSetOptions options, String value)
   at PancakeBoard.Controls.SubjectTileControl.CreateRichEditor(HomeworkEntry homework) in D:\Files\Codes\Projects\PancakeBoard\PancakeBoard\src\PancakeBoard\Controls\SubjectTileControl.cs:line 449
   at PancakeBoard.Controls.SubjectTileControl.RebuildEntries() in D:\Files\Codes\Projects\PancakeBoard\PancakeBoard\src\PancakeBoard\Controls\SubjectTileControl.cs:line 398
   at PancakeBoard.Controls.SubjectTileControl..ctor(SubjectBoard subject, Action`1 deleteSubject, Action`1 layoutChanged, Action`1 layoutCommitted, Action`1 interactionChanged, Func`2 addAttachment, Action contentChanged) in D:\Files\Codes\Projects\PancakeBoard\PancakeBoard\src\PancakeBoard\Controls\SubjectTileControl.cs:line 206
   at PancakeBoard.MainWindow.AddTile(SubjectBoard subject) in D:\Files\Codes\Projects\PancakeBoard\PancakeBoard\src\PancakeBoard\MainWindow.xaml.cs:line 244
   at PancakeBoard.MainWindow.BuildTiles() in D:\Files\Codes\Projects\PancakeBoard\PancakeBoard\src\PancakeBoard\MainWindow.xaml.cs:line 237
   at PancakeBoard.MainWindow.<.ctor>b__28_0(Object _, RoutedEventArgs _) in D:\Files\Codes\Projects\PancakeBoard\PancakeBoard\src\PancakeBoard\MainWindow.xaml.cs:line 73
   at WinRT._EventSource_global__Microsoft_UI_Xaml_RoutedEventHandler.EventState.<GetEventInvoke>b__1_0(Object sender, RoutedEventArgs e)
   at ABI.Microsoft.UI.Xaml.RoutedEventHandler.Do_Abi_Invoke(IntPtr thisPtr, IntPtr sender, IntPtr e)
[2026-09-03T06:52:08.1679643+08:00] System.UnauthorizedAccessException: Attempted to perform an unauthorized operation.
   at WinRT.ExceptionHelpers.<ThrowExceptionForHR>g__Throw|38_0(Int32 hr)
   at WinRT.ExceptionHelpers.ThrowExceptionForHR(Int32 hr)
   at ABI.Microsoft.UI.Text.ITextDocumentMethods.SetText(IObjectReference _obj, TextSetOptions options, String value)
   at Microsoft.UI.Text.RichEditTextDocument.SetText(TextSetOptions options, String value)
   at PancakeBoard.Controls.SubjectTileControl.<>c__DisplayClass44_0.<CreateRichEditor>b__1(Object _, RoutedEventArgs _) in D:\Files\Codes\Projects\PancakeBoard\PancakeBoard\src\PancakeBoard\Controls\SubjectTileControl.cs:line 463
   at WinRT._EventSource_global__Microsoft_UI_Xaml_RoutedEventHandler.EventState.<GetEventInvoke>b__1_0(Object sender, RoutedEventArgs e)
   at ABI.Microsoft.UI.Xaml.RoutedEventHandler.Do_Abi_Invoke(IntPtr thisPtr, IntPtr sender, IntPtr e)
